Cloning into '/content/rvl-pinned-systems'...
HEAD is now at 1a63903 Deduplicate GPU evidence branch triggers
GPU: Tesla T4

Fetching 10 files:   0%|          | 0/10 [00:00<?, ?it/s]
Fetching 10 files:  10%|█         | 1/10 [00:00<00:02,  3.61it/s]
Fetching 10 files:  70%|███████   | 7/10 [00:07<00:03,  1.10s/it]
Fetching 10 files: 100%|██████████| 10/10 [00:07<00:00,  1.34it/s]

Generating train split:   0%|          | 0/7473 [00:00<?, ? examples/s]
Generating train split: 100%|██████████| 7473/7473 [00:00<00:00, 175244.38 examples/s]

Generating test split:   0%|          | 0/1319 [00:00<?, ? examples/s]
Generating test split: 100%|██████████| 1319/1319 [00:00<00:00, 262442.46 examples/s]
WARNING: All log messages before absl::InitializeLog() is called are written to STDERR
I0000 00:00:1791390893.493660    4036 cpu_feature_guard.cc:227] This TensorFlow binary is optimized to use available CPU instructions in performance-critical operations.
To enable the following instructions: AVX2 AVX512F FMA, in other operations, rebuild TensorFlow with the appropriate compiler flags.
WARNING: All log messages before absl::InitializeLog() is called are written to STDERR
I0000 00:00:1791390896.082531    4036 cudart_stub.cc:31] Could not find cuda drivers on your machine, GPU will not be used.
The following generation flags are not valid and may be ignored: ['temperature', 'top_p', 'top_k']. Set `TRANSFORMERS_VERBOSITY=info` for more details.
START 17 trusted_reward
STEP 17 trusted_reward 0 {'step': 0, 'seed': 17, 'arm': 'trusted_reward', 'true_reward_mean': 0.75, 'nonconstant_reward_group': True, 'parameter_probe_max_abs_change': 5.00120222568512e-07, 'train_wall_s': 1.953863335000051, 'response_tokens': 1016, 'loss': 0.09630119800567627, 'mean_reward': 0.75, 'samples': 4.0, 'grad_norm': 14.072722434997559, 'clip_fraction': 0.39434223622083664, 'max_abs_log_ratio': 2.220876693725586, 'behavior_kl_estimate': 0.12013247050344944}
STEP 17 trusted_reward 1 {'step': 1, 'seed': 17, 'arm': 'trusted_reward', 'true_reward_mean': 0.0, 'nonconstant_reward_group': False, 'parameter_probe_max_abs_change': 3.3527612686157227e-07, 'train_wall_s': 1.7035052909998285, 'response_tokens': 1024, 'loss': 0.0, 'mean_reward': 0.0, 'samples': 4.0, 'grad_norm': 0.0, 'clip_fraction': 0.423828125, 'max_abs_log_ratio': 2.2812693119049072, 'behavior_kl_estimate': 0.15678877383470535}
STEP 17 trusted_reward 2 {'step': 2, 'seed': 17, 'arm': 'trusted_reward', 'true_reward_mean': 0.25, 'nonconstant_reward_group': True, 'parameter_probe_max_abs_change': 4.100147634744644e-07, 'train_wall_s': 1.629847060999964, 'response_tokens': 1024, 'loss': 0.03367327153682709, 'mean_reward': 0.25, 'samples': 4.0, 'grad_norm': 8.117365837097168, 'clip_fraction': 0.283203125, 'max_abs_log_ratio': 2.305098056793213, 'behavior_kl_estimate': 0.10693070478737354}
STEP 17 trusted_reward 3 {'step': 3, 'seed': 17, 'arm': 'trusted_reward', 'true_reward_mean': 0.0, 'nonconstant_reward_group': False, 'parameter_probe_max_abs_change': 3.3574178814888e-07, 'train_wall_s': 1.6601335390000713, 'response_tokens': 987, 'loss': 0.0, 'mean_reward': 0.0, 'samples': 4.0, 'grad_norm': 0.0, 'clip_fraction': 0.4040159434080124, 'max_abs_log_ratio': 2.2699248790740967, 'behavior_kl_estimate': 0.13655397109687328}
RESULT {'seed': 17, 'arm': 'trusted_reward', 'baseline_accuracy': 0.3125, 'terminal_accuracy': 0.0625, 'accuracy_delta': -0.25, 'nonconstant_groups': 2, 'max_parameter_probe_change': 5.00120222568512e-07, 'peak_allocated_gpu_bytes': 10487644672, 'wall_s': 159.308341164}
START 17 within_prompt_shuffled_reward
STEP 17 within_prompt_shuffled_reward 0 {'step': 0, 'seed': 17, 'arm': 'within_prompt_shuffled_reward', 'true_reward_mean': 0.75, 'nonconstant_reward_group': True, 'parameter_probe_max_abs_change': 5.00120222568512e-07, 'train_wall_s': 1.8381536449999203, 'response_tokens': 1016, 'loss': 0.04628460109233856, 'mean_reward': 0.75, 'samples': 4.0, 'grad_norm': 16.00362777709961, 'clip_fraction': 0.39434223622083664, 'max_abs_log_ratio': 2.220876693725586, 'behavior_kl_estimate': 0.12013247050344944}
STEP 17 within_prompt_shuffled_reward 1 {'step': 1, 'seed': 17, 'arm': 'within_prompt_shuffled_reward', 'true_reward_mean': 0.0, 'nonconstant_reward_group': False, 'parameter_probe_max_abs_change': 3.3527612686157227e-07, 'train_wall_s': 1.7302415080000628, 'response_tokens': 1024, 'loss': 0.0, 'mean_reward': 0.0, 'samples': 4.0, 'grad_norm': 0.0, 'clip_fraction': 0.513671875, 'max_abs_log_ratio': 2.238089084625244, 'behavior_kl_estimate': 0.17779705300927162}
STEP 17 within_prompt_shuffled_reward 2 {'step': 2, 'seed': 17, 'arm': 'within_prompt_shuffled_reward', 'true_reward_mean': 0.0, 'nonconstant_reward_group': False, 'parameter_probe_max_abs_change': 2.5890767574310303e-07, 'train_wall_s': 1.5457783409999593, 'response_tokens': 1024, 'loss': 0.0, 'mean_reward': 0.0, 'samples': 4.0, 'grad_norm': 0.0, 'clip_fraction': 0.3154296875, 'max_abs_log_ratio': 2.7589783668518066, 'behavior_kl_estimate': 0.13056816346943378}
STEP 17 within_prompt_shuffled_reward 3 {'step': 3, 'seed': 17, 'arm': 'within_prompt_shuffled_reward', 'true_reward_mean': 0.0, 'nonconstant_reward_group': False, 'parameter_probe_max_abs_change': 2.123415470123291e-07, 'train_wall_s': 1.760645451000073, 'response_tokens': 1024, 'loss': 0.0, 'mean_reward': 0.0, 'samples': 4.0, 'grad_norm': 0.0, 'clip_fraction': 0.380859375, 'max_abs_log_ratio': 2.7288289070129395, 'behavior_kl_estimate': 0.13056742772459984}
RESULT {'seed': 17, 'arm': 'within_prompt_shuffled_reward', 'baseline_accuracy': 0.3125, 'terminal_accuracy': 0.0625, 'accuracy_delta': -0.25, 'nonconstant_groups': 1, 'max_parameter_probe_change': 5.00120222568512e-07, 'peak_allocated_gpu_bytes': 10488246784, 'wall_s': 154.72049242499997}
START 29 trusted_reward
STEP 29 trusted_reward 0 {'step': 0, 'seed': 29, 'arm': 'trusted_reward', 'true_reward_mean': 0.0, 'nonconstant_reward_group': False, 'parameter_probe_max_abs_change': 0.0, 'train_wall_s': 1.7461544479999702, 'response_tokens': 1024, 'loss': 0.0, 'mean_reward': 0.0, 'samples': 4.0, 'grad_norm': 0.0, 'clip_fraction': 0.4140625, 'max_abs_log_ratio': 2.716630458831787, 'behavior_kl_estimate': 0.1515342928469181}
STEP 29 trusted_reward 1 {'step': 1, 'seed': 29, 'arm': 'trusted_reward', 'true_reward_mean': 0.0, 'nonconstant_reward_group': False, 'parameter_probe_max_abs_change': 0.0, 'train_wall_s': 1.8834772949999206, 'response_tokens': 1024, 'loss': 0.0, 'mean_reward': 0.0, 'samples': 4.0, 'grad_norm': 0.0, 'clip_fraction': 0.3193359375, 'max_abs_log_ratio': 2.691328525543213, 'behavior_kl_estimate': 0.1104245949536562}
STEP 29 trusted_reward 2 {'step': 2, 'seed': 29, 'arm': 'trusted_reward', 'true_reward_mean': 0.0, 'nonconstant_reward_group': False, 'parameter_probe_max_abs_change': 0.0, 'train_wall_s': 1.7246433129998877, 'response_tokens': 1024, 'loss': 0.0, 'mean_reward': 0.0, 'samples': 4.0, 'grad_norm': 0.0, 'clip_fraction': 0.541015625, 'max_abs_log_ratio': 2.3961782455444336, 'behavior_kl_estimate': 0.16456808149814606}
STEP 29 trusted_reward 3 {'step': 3, 'seed': 29, 'arm': 'trusted_reward', 'true_reward_mean': 0.0, 'nonconstant_reward_group': False, 'parameter_probe_max_abs_change': 0.0, 'train_wall_s': 1.8057878629999777, 'response_tokens': 1024, 'loss': 0.0, 'mean_reward': 0.0, 'samples': 4.0, 'grad_norm': 0.0, 'clip_fraction': 0.3994140625, 'max_abs_log_ratio': 2.7371268272399902, 'behavior_kl_estimate': 0.13114875741302967}
RESULT {'seed': 29, 'arm': 'trusted_reward', 'baseline_accuracy': 0.3125, 'terminal_accuracy': 0.3125, 'accuracy_delta': 0.0, 'nonconstant_groups': 0, 'max_parameter_probe_change': 0.0, 'peak_allocated_gpu_bytes': 10506167808, 'wall_s': 158.12825600199994}
START 29 within_prompt_shuffled_reward
STEP 29 within_prompt_shuffled_reward 0 {'step': 0, 'seed': 29, 'arm': 'within_prompt_shuffled_reward', 'true_reward_mean': 0.0, 'nonconstant_reward_group': False, 'parameter_probe_max_abs_change': 0.0, 'train_wall_s': 1.7559984489998897, 'response_tokens': 1024, 'loss': 0.0, 'mean_reward': 0.0, 'samples': 4.0, 'grad_norm': 0.0, 'clip_fraction': 0.4140625, 'max_abs_log_ratio': 2.716630458831787, 'behavior_kl_estimate': 0.1515342928469181}
STEP 29 within_prompt_shuffled_reward 1 {'step': 1, 'seed': 29, 'arm': 'within_prompt_shuffled_reward', 'true_reward_mean': 0.0, 'nonconstant_reward_group': False, 'parameter_probe_max_abs_change': 0.0, 'train_wall_s': 1.9397652519999156, 'response_tokens': 1024, 'loss': 0.0, 'mean_reward': 0.0, 'samples': 4.0, 'grad_norm': 0.0, 'clip_fraction': 0.3193359375, 'max_abs_log_ratio': 2.691328525543213, 'behavior_kl_estimate': 0.1104245949536562}
STEP 29 within_prompt_shuffled_reward 2 {'step': 2, 'seed': 29, 'arm': 'within_prompt_shuffled_reward', 'true_reward_mean': 0.0, 'nonconstant_reward_group': False, 'parameter_probe_max_abs_change': 0.0, 'train_wall_s': 1.8069945279999047, 'response_tokens': 1024, 'loss': 0.0, 'mean_reward': 0.0, 'samples': 4.0, 'grad_norm': 0.0, 'clip_fraction': 0.541015625, 'max_abs_log_ratio': 2.3961782455444336, 'behavior_kl_estimate': 0.16456808149814606}
STEP 29 within_prompt_shuffled_reward 3 {'step': 3, 'seed': 29, 'arm': 'within_prompt_shuffled_reward', 'true_reward_mean': 0.0, 'nonconstant_reward_group': False, 'parameter_probe_max_abs_change': 0.0, 'train_wall_s': 1.8513172409998333, 'response_tokens': 1024, 'loss': 0.0, 'mean_reward': 0.0, 'samples': 4.0, 'grad_norm': 0.0, 'clip_fraction': 0.3994140625, 'max_abs_log_ratio': 2.7371268272399902, 'behavior_kl_estimate': 0.13114875741302967}
RESULT {'seed': 29, 'arm': 'within_prompt_shuffled_reward', 'baseline_accuracy': 0.3125, 'terminal_accuracy': 0.3125, 'accuracy_delta': 0.0, 'nonconstant_groups': 0, 'max_parameter_probe_change': 0.0, 'peak_allocated_gpu_bytes': 10506167808, 'wall_s': 161.83449854699984}
START 43 trusted_reward
STEP 43 trusted_reward 0 {'step': 0, 'seed': 43, 'arm': 'trusted_reward', 'true_reward_mean': 0.0, 'nonconstant_reward_group': False, 'parameter_probe_max_abs_change': 0.0, 'train_wall_s': 1.777527622999969, 'response_tokens': 1024, 'loss': 0.0, 'mean_reward': 0.0, 'samples': 4.0, 'grad_norm': 0.0, 'clip_fraction': 0.5078125, 'max_abs_log_ratio': 2.4720261096954346, 'behavior_kl_estimate': 0.17746511101722717}
STEP 43 trusted_reward 1 {'step': 1, 'seed': 43, 'arm': 'trusted_reward', 'true_reward_mean': 0.0, 'nonconstant_reward_group': False, 'parameter_probe_max_abs_change': 0.0, 'train_wall_s': 1.9506362089998674, 'response_tokens': 1024, 'loss': 0.0, 'mean_reward': 0.0, 'samples': 4.0, 'grad_norm': 0.0, 'clip_fraction': 0.5126953125, 'max_abs_log_ratio': 2.3966565132141113, 'behavior_kl_estimate': 0.16709545627236366}
STEP 43 trusted_reward 2 {'step': 2, 'seed': 43, 'arm': 'trusted_reward', 'true_reward_mean': 0.25, 'nonconstant_reward_group': True, 'parameter_probe_max_abs_change': 3.203749656677246e-07, 'train_wall_s': 1.8825434099999256, 'response_tokens': 1005, 'loss': 0.04176443815231323, 'mean_reward': 0.25, 'samples': 4.0, 'grad_norm': 7.085965156555176, 'clip_fraction': 0.23461398854851723, 'max_abs_log_ratio': 2.3352532386779785, 'behavior_kl_estimate': 0.09605273511260748}
STEP 43 trusted_reward 3 {'step': 3, 'seed': 43, 'arm': 'trusted_reward', 'true_reward_mean': 0.5, 'nonconstant_reward_group': True, 'parameter_probe_max_abs_change': 3.762543201446533e-07, 'train_wall_s': 1.6478958100001364, 'response_tokens': 820, 'loss': 0.045217812061309814, 'mean_reward': 0.5, 'samples': 4.0, 'grad_norm': 18.275102615356445, 'clip_fraction': 0.1909555308520794, 'max_abs_log_ratio': 2.420283794403076, 'behavior_kl_estimate': 0.07593410089612007}
RESULT {'seed': 43, 'arm': 'trusted_reward', 'baseline_accuracy': 0.3125, 'terminal_accuracy': 0.1875, 'accuracy_delta': -0.125, 'nonconstant_groups': 2, 'max_parameter_probe_change': 3.762543201446533e-07, 'peak_allocated_gpu_bytes': 10505589760, 'wall_s': 159.5845122600001}
START 43 within_prompt_shuffled_reward
STEP 43 within_prompt_shuffled_reward 0 {'step': 0, 'seed': 43, 'arm': 'within_prompt_shuffled_reward', 'true_reward_mean': 0.0, 'nonconstant_reward_group': False, 'parameter_probe_max_abs_change': 0.0, 'train_wall_s': 1.7507443029999195, 'response_tokens': 1024, 'loss': 0.0, 'mean_reward': 0.0, 'samples': 4.0, 'grad_norm': 0.0, 'clip_fraction': 0.5078125, 'max_abs_log_ratio': 2.4720261096954346, 'behavior_kl_estimate': 0.17746511101722717}
STEP 43 within_prompt_shuffled_reward 1 {'step': 1, 'seed': 43, 'arm': 'within_prompt_shuffled_reward', 'true_reward_mean': 0.0, 'nonconstant_reward_group': False, 'parameter_probe_max_abs_change': 0.0, 'train_wall_s': 1.9062809689999085, 'response_tokens': 1024, 'loss': 0.0, 'mean_reward': 0.0, 'samples': 4.0, 'grad_norm': 0.0, 'clip_fraction': 0.5126953125, 'max_abs_log_ratio': 2.3966565132141113, 'behavior_kl_estimate': 0.16709545627236366}
STEP 43 within_prompt_shuffled_reward 2 {'step': 2, 'seed': 43, 'arm': 'within_prompt_shuffled_reward', 'true_reward_mean': 0.25, 'nonconstant_reward_group': True, 'parameter_probe_max_abs_change': 3.203749656677246e-07, 'train_wall_s': 1.8738830659999621, 'response_tokens': 1005, 'loss': 0.04176443815231323, 'mean_reward': 0.25, 'samples': 4.0, 'grad_norm': 7.085965156555176, 'clip_fraction': 0.23461398854851723, 'max_abs_log_ratio': 2.3352532386779785, 'behavior_kl_estimate': 0.09605273511260748}
STEP 43 within_prompt_shuffled_reward 3 {'step': 3, 'seed': 43, 'arm': 'within_prompt_shuffled_reward', 'true_reward_mean': 0.5, 'nonconstant_reward_group': True, 'parameter_probe_max_abs_change': 3.7439167499542236e-07, 'train_wall_s': 1.6154940730000362, 'response_tokens': 820, 'loss': 0.03875592350959778, 'mean_reward': 0.5, 'samples': 4.0, 'grad_norm': 18.73171043395996, 'clip_fraction': 0.1909555308520794, 'max_abs_log_ratio': 2.420283794403076, 'behavior_kl_estimate': 0.07593410089612007}
RESULT {'seed': 43, 'arm': 'within_prompt_shuffled_reward', 'baseline_accuracy': 0.3125, 'terminal_accuracy': 0.1875, 'accuracy_delta': -0.125, 'nonconstant_groups': 2, 'max_parameter_probe_change': 3.7439167499542236e-07, 'peak_allocated_gpu_bytes': 10505589760, 'wall_s': 160.56073192999997}
